[debug] [2026-02-11T12:49:09.262Z] ----------------------------------------------------------------------
[debug] [2026-02-11T12:49:09.265Z] Command:       C:\Program Files\nodejs\node.exe C:\Users\Matei\AppData\Roaming\npm\node_modules\firebase-tools\lib\bin\firebase.js init apphosting
[debug] [2026-02-11T12:49:09.265Z] CLI Version:   15.5.1
[debug] [2026-02-11T12:49:09.265Z] Platform:      win32
[debug] [2026-02-11T12:49:09.266Z] Node Version:  v24.13.0
[debug] [2026-02-11T12:49:09.266Z] Time:          Wed Feb 11 2026 14:49:09 GMT+0200 (Eastern European Standard Time)
[debug] [2026-02-11T12:49:09.266Z] ----------------------------------------------------------------------
[debug] 
[debug] [2026-02-11T12:49:09.268Z] >>> [apiv2][query] GET https://firebase-public.firebaseio.com/cli.json [none]
[info] 
     ######## #### ########  ######## ########     ###     ######  ########
     ##        ##  ##     ## ##       ##     ##  ##   ##  ##       ##
     ######    ##  ########  ######   ########  #########  ######  ######
     ##        ##  ##    ##  ##       ##     ## ##     ##       ## ##
     ##       #### ##     ## ######## ########  ##     ##  ######  ########

You're about to initialize a Firebase project in this directory:

  Z:\Atestat3\Site-Puternique

Before we get started, keep in mind:

  * You are initializing within an existing Firebase project directory

[debug] [2026-02-11T12:49:11.792Z] <<< [apiv2][status] GET https://firebase-public.firebaseio.com/cli.json 200
[debug] [2026-02-11T12:49:11.792Z] <<< [apiv2][body] GET https://firebase-public.firebaseio.com/cli.json {"cloudBuildErrorAfter":1594252800000,"cloudBuildWarnAfter":1590019200000,"defaultNode10After":1594252800000,"minVersion":"3.0.5","node8DeploysDisabledAfter":1613390400000,"node8RuntimeDisabledAfter":1615809600000,"node8WarnAfter":1600128000000}
[info] 
=== Project Setup
[info] 
[info] First, let's associate this project directory with a Firebase project.
[info] You can create multiple project aliases by running firebase use --add, 
[info] 
[debug] [2026-02-11T12:49:31.154Z] > command requires scopes: ["email","openid","https://www.googleapis.com/auth/cloudplatformprojects.readonly","https://www.googleapis.com/auth/firebase","https://www.googleapis.com/auth/cloud-platform"]
[debug] [2026-02-11T12:49:31.154Z] > authorizing via signed-in user (mihalachematei5@gmail.com)
[debug] [2026-02-11T12:49:31.155Z] Checked if tokens are valid: false, expires at: 1770752623101
[debug] [2026-02-11T12:49:31.155Z] Checked if tokens are valid: false, expires at: 1770752623101
[debug] [2026-02-11T12:49:31.155Z] > refreshing access token with scopes: []
[debug] [2026-02-11T12:49:31.155Z] >>> [apiv2][query] POST https://www.googleapis.com/oauth2/v3/token [none]
[debug] [2026-02-11T12:49:31.155Z] >>> [apiv2][body] POST https://www.googleapis.com/oauth2/v3/token [omitted]
[debug] [2026-02-11T12:49:31.283Z] <<< [apiv2][status] POST https://www.googleapis.com/oauth2/v3/token 200
[debug] [2026-02-11T12:49:31.283Z] <<< [apiv2][body] POST https://www.googleapis.com/oauth2/v3/token [omitted]
[debug] [2026-02-11T12:49:31.289Z] >>> [apiv2][query] GET https://firebase.googleapis.com/v1beta1/projects/karatetutorial-4add4 [none]
[debug] [2026-02-11T12:49:31.632Z] <<< [apiv2][status] GET https://firebase.googleapis.com/v1beta1/projects/karatetutorial-4add4 200
[debug] [2026-02-11T12:49:31.632Z] <<< [apiv2][body] GET https://firebase.googleapis.com/v1beta1/projects/karatetutorial-4add4 {"projectId":"karatetutorial-4add4","projectNumber":"347500252626","displayName":"KarateTutorial","name":"projects/karatetutorial-4add4","resources":{"hostingSite":"karatetutorial-4add4"},"state":"ACTIVE","etag":"1_1965816e-e94e-4d5f-b1fb-608755f135a2"}
[info] i  Using project karatetutorial-4add4 (KarateTutorial) . 
[info] 
=== App Hosting Setup
[debug] [2026-02-11T12:49:31.636Z] Checked if tokens are valid: true, expires at: 1770817770284
[debug] [2026-02-11T12:49:31.636Z] Checked if tokens are valid: true, expires at: 1770817770284
[debug] [2026-02-11T12:49:31.636Z] >>> [apiv2][query] GET https://cloudbilling.googleapis.com/v1/projects/karatetutorial-4add4/billingInfo [none]
[debug] [2026-02-11T12:49:32.393Z] <<< [apiv2][status] GET https://cloudbilling.googleapis.com/v1/projects/karatetutorial-4add4/billingInfo 200
[debug] [2026-02-11T12:49:32.393Z] <<< [apiv2][body] GET https://cloudbilling.googleapis.com/v1/projects/karatetutorial-4add4/billingInfo {"name":"projects/karatetutorial-4add4/billingInfo","projectId":"karatetutorial-4add4","billingAccountName":"billingAccounts/016D1D-16C7C9-DC07E4","billingEnabled":true}
[debug] [2026-02-11T12:49:32.394Z] Checked if tokens are valid: true, expires at: 1770817770284
[debug] [2026-02-11T12:49:32.394Z] Checked if tokens are valid: true, expires at: 1770817770284
[debug] [2026-02-11T12:49:32.394Z] >>> [apiv2][query] POST https://iam.googleapis.com/v1/projects/karatetutorial-4add4/serviceAccounts/firebase-app-hosting-compute@karatetutorial-4add4.iam.gserviceaccount.com:testIamPermissions [none]
[debug] [2026-02-11T12:49:32.394Z] >>> [apiv2][(partial)header] POST https://iam.googleapis.com/v1/projects/karatetutorial-4add4/serviceAccounts/firebase-app-hosting-compute@karatetutorial-4add4.iam.gserviceaccount.com:testIamPermissions  x-goog-user-project=karatetutorial-4add4
[debug] [2026-02-11T12:49:32.394Z] >>> [apiv2][body] POST https://iam.googleapis.com/v1/projects/karatetutorial-4add4/serviceAccounts/firebase-app-hosting-compute@karatetutorial-4add4.iam.gserviceaccount.com:testIamPermissions {"permissions":["iam.serviceAccounts.actAs"]}
[debug] [2026-02-11T12:49:33.208Z] <<< [apiv2][status] POST https://iam.googleapis.com/v1/projects/karatetutorial-4add4/serviceAccounts/firebase-app-hosting-compute@karatetutorial-4add4.iam.gserviceaccount.com:testIamPermissions 200
[debug] [2026-02-11T12:49:33.208Z] <<< [apiv2][body] POST https://iam.googleapis.com/v1/projects/karatetutorial-4add4/serviceAccounts/firebase-app-hosting-compute@karatetutorial-4add4.iam.gserviceaccount.com:testIamPermissions {"permissions":["iam.serviceAccounts.actAs"]}
[debug] [2026-02-11T12:49:33.209Z] Checked if tokens are valid: true, expires at: 1770817770284
[debug] [2026-02-11T12:49:33.209Z] Checked if tokens are valid: true, expires at: 1770817770284
[debug] [2026-02-11T12:49:33.209Z] >>> [apiv2][query] POST https://iam.googleapis.com/v1/projects/karatetutorial-4add4/serviceAccounts [none]
[debug] [2026-02-11T12:49:33.209Z] >>> [apiv2][body] POST https://iam.googleapis.com/v1/projects/karatetutorial-4add4/serviceAccounts {"accountId":"firebase-app-hosting-compute","serviceAccount":{"displayName":"Firebase App Hosting compute service account","description":"Default service account used to run builds and deploys for Firebase App Hosting"}}
[debug] [2026-02-11T12:49:33.565Z] <<< [apiv2][status] POST https://iam.googleapis.com/v1/projects/karatetutorial-4add4/serviceAccounts 409
[debug] [2026-02-11T12:49:33.565Z] <<< [apiv2][body] POST https://iam.googleapis.com/v1/projects/karatetutorial-4add4/serviceAccounts [omitted]
[debug] [2026-02-11T12:49:33.566Z] Checked if tokens are valid: true, expires at: 1770817770284
[debug] [2026-02-11T12:49:33.566Z] Checked if tokens are valid: true, expires at: 1770817770284
[debug] [2026-02-11T12:49:33.566Z] >>> [apiv2][query] POST https://cloudresourcemanager.googleapis.com/v1/projects/karatetutorial-4add4:getIamPolicy [none]
[debug] [2026-02-11T12:49:34.485Z] <<< [apiv2][status] POST https://cloudresourcemanager.googleapis.com/v1/projects/karatetutorial-4add4:getIamPolicy 200
[debug] [2026-02-11T12:49:34.485Z] <<< [apiv2][body] POST https://cloudresourcemanager.googleapis.com/v1/projects/karatetutorial-4add4:getIamPolicy {"version":1,"etag":"BwZKi7v7134=","bindings":[{"role":"roles/artifactregistry.serviceAgent","members":["serviceAccount:service-347500252626@gcp-sa-artifactregistry.iam.gserviceaccount.com"]},{"role":"roles/cloudbuild.builds.builder","members":["serviceAccount:347500252626@cloudbuild.gserviceaccount.com"]},{"role":"roles/cloudbuild.serviceAgent","members":["serviceAccount:service-347500252626@gcp-sa-cloudbuild.iam.gserviceaccount.com"]},{"role":"roles/containerregistry.ServiceAgent","members":["serviceAccount:service-347500252626@containerregistry.iam.gserviceaccount.com"]},{"role":"roles/developerconnect.readTokenAccessor","members":["serviceAccount:firebase-app-hosting-compute@karatetutorial-4add4.iam.gserviceaccount.com"]},{"role":"roles/developerconnect.serviceAgent","members":["serviceAccount:service-347500252626@gcp-sa-devconnect.iam.gserviceaccount.com"]},{"role":"roles/editor","members":["serviceAccount:347500252626-compute@developer.gserviceaccount.com"]},{"role":"roles/firebase.managementServiceAgent","members":["serviceAccount:service-347500252626@gcp-sa-firebase.iam.gserviceaccount.com"]},{"role":"roles/firebase.sdkAdminServiceAgent","members":["serviceAccount:firebase-adminsdk-fbsvc@karatetutorial-4add4.iam.gserviceaccount.com","serviceAccount:firebase-app-hosting-compute@karatetutorial-4add4.iam.gserviceaccount.com"]},{"role":"roles/firebaseapphosting.computeRunner","members":["serviceAccount:firebase-app-hosting-compute@karatetutorial-4add4.iam.gserviceaccount.com"]},{"role":"roles/firebaseapphosting.serviceAgent","members":["serviceAccount:service-347500252626@gcp-sa-firebaseapphosting.iam.gserviceaccount.com"]},{"role":"roles/firebaseauth.admin","members":["serviceAccount:firebase-adminsdk-fbsvc@karatetutorial-4add4.iam.gserviceaccount.com"]},{"role":"roles/firebaserules.system","members":["serviceAccount:service-347500252626@firebase-rules.iam.gserviceaccount.com"]},{"role":"roles/firebasestorage.serviceAgent","members":["serviceAccount:service-347500252626@gcp-sa-firebasestorage.iam.gserviceaccount.com"]},{"role":"roles/firestore.serviceAgent","members":["serviceAccount:service-347500252626@gcp-sa-firestore.iam.gserviceaccount.com"]},{"role":"roles/iam.serviceAccountTokenCreator","members":["serviceAccount:firebase-adminsdk-fbsvc@karatetutorial-4add4.iam.gserviceaccount.com"]},{"role":"roles/owner","members":["user:mihalachematei5@gmail.com"]},{"role":"roles/run.serviceAgent","members":["serviceAccount:service-347500252626@serverless-robot-prod.iam.gserviceaccount.com"]},{"role":"roles/secretmanager.admin_withcond_ac3247ab144832affaf3","members":["serviceAccount:service-347500252626@gcp-sa-devconnect.iam.gserviceaccount.com"]},{"role":"roles/storage.admin","members":["serviceAccount:firebase-adminsdk-fbsvc@karatetutorial-4add4.iam.gserviceaccount.com"]},{"role":"roles/storage.objectViewer","members":["serviceAccount:firebase-app-hosting-compute@karatetutorial-4add4.iam.gserviceaccount.com"]}]}
[debug] [2026-02-11T12:49:34.485Z] Checked if tokens are valid: true, expires at: 1770817770284
[debug] [2026-02-11T12:49:34.485Z] Checked if tokens are valid: true, expires at: 1770817770284
[debug] [2026-02-11T12:49:34.485Z] >>> [apiv2][query] POST https://cloudresourcemanager.googleapis.com/v1/projects/karatetutorial-4add4:setIamPolicy [none]
[debug] [2026-02-11T12:49:34.485Z] >>> [apiv2][body] POST https://cloudresourcemanager.googleapis.com/v1/projects/karatetutorial-4add4:setIamPolicy {"policy":{"version":1,"etag":"BwZKi7v7134=","bindings":[{"role":"roles/artifactregistry.serviceAgent","members":["serviceAccount:service-347500252626@gcp-sa-artifactregistry.iam.gserviceaccount.com"]},{"role":"roles/cloudbuild.builds.builder","members":["serviceAccount:347500252626@cloudbuild.gserviceaccount.com"]},{"role":"roles/cloudbuild.serviceAgent","members":["serviceAccount:service-347500252626@gcp-sa-cloudbuild.iam.gserviceaccount.com"]},{"role":"roles/containerregistry.ServiceAgent","members":["serviceAccount:service-347500252626@containerregistry.iam.gserviceaccount.com"]},{"role":"roles/developerconnect.readTokenAccessor","members":["serviceAccount:firebase-app-hosting-compute@karatetutorial-4add4.iam.gserviceaccount.com"]},{"role":"roles/developerconnect.serviceAgent","members":["serviceAccount:service-347500252626@gcp-sa-devconnect.iam.gserviceaccount.com"]},{"role":"roles/editor","members":["serviceAccount:347500252626-compute@developer.gserviceaccount.com"]},{"role":"roles/firebase.managementServiceAgent","members":["serviceAccount:service-347500252626@gcp-sa-firebase.iam.gserviceaccount.com"]},{"role":"roles/firebase.sdkAdminServiceAgent","members":["serviceAccount:firebase-adminsdk-fbsvc@karatetutorial-4add4.iam.gserviceaccount.com","serviceAccount:firebase-app-hosting-compute@karatetutorial-4add4.iam.gserviceaccount.com"]},{"role":"roles/firebaseapphosting.computeRunner","members":["serviceAccount:firebase-app-hosting-compute@karatetutorial-4add4.iam.gserviceaccount.com"]},{"role":"roles/firebaseapphosting.serviceAgent","members":["serviceAccount:service-347500252626@gcp-sa-firebaseapphosting.iam.gserviceaccount.com"]},{"role":"roles/firebaseauth.admin","members":["serviceAccount:firebase-adminsdk-fbsvc@karatetutorial-4add4.iam.gserviceaccount.com"]},{"role":"roles/firebaserules.system","members":["serviceAccount:service-347500252626@firebase-rules.iam.gserviceaccount.com"]},{"role":"roles/firebasestorage.serviceAgent","members":["serviceAccount:service-347500252626@gcp-sa-firebasestorage.iam.gserviceaccount.com"]},{"role":"roles/firestore.serviceAgent","members":["serviceAccount:service-347500252626@gcp-sa-firestore.iam.gserviceaccount.com"]},{"role":"roles/iam.serviceAccountTokenCreator","members":["serviceAccount:firebase-adminsdk-fbsvc@karatetutorial-4add4.iam.gserviceaccount.com"]},{"role":"roles/owner","members":["user:mihalachematei5@gmail.com"]},{"role":"roles/run.serviceAgent","members":["serviceAccount:service-347500252626@serverless-robot-prod.iam.gserviceaccount.com"]},{"role":"roles/secretmanager.admin_withcond_ac3247ab144832affaf3","members":["serviceAccount:service-347500252626@gcp-sa-devconnect.iam.gserviceaccount.com"]},{"role":"roles/storage.admin","members":["serviceAccount:firebase-adminsdk-fbsvc@karatetutorial-4add4.iam.gserviceaccount.com"]},{"role":"roles/storage.objectViewer","members":["serviceAccount:firebase-app-hosting-compute@karatetutorial-4add4.iam.gserviceaccount.com"]}]},"updateMask":"bindings"}
[debug] [2026-02-11T12:49:35.400Z] <<< [apiv2][status] POST https://cloudresourcemanager.googleapis.com/v1/projects/karatetutorial-4add4:setIamPolicy 200
[debug] [2026-02-11T12:49:35.400Z] <<< [apiv2][body] POST https://cloudresourcemanager.googleapis.com/v1/projects/karatetutorial-4add4:setIamPolicy {"version":1,"etag":"BwZKi83kGWs=","bindings":[{"role":"roles/artifactregistry.serviceAgent","members":["serviceAccount:service-347500252626@gcp-sa-artifactregistry.iam.gserviceaccount.com"]},{"role":"roles/cloudbuild.builds.builder","members":["serviceAccount:347500252626@cloudbuild.gserviceaccount.com"]},{"role":"roles/cloudbuild.serviceAgent","members":["serviceAccount:service-347500252626@gcp-sa-cloudbuild.iam.gserviceaccount.com"]},{"role":"roles/containerregistry.ServiceAgent","members":["serviceAccount:service-347500252626@containerregistry.iam.gserviceaccount.com"]},{"role":"roles/developerconnect.readTokenAccessor","members":["serviceAccount:firebase-app-hosting-compute@karatetutorial-4add4.iam.gserviceaccount.com"]},{"role":"roles/developerconnect.serviceAgent","members":["serviceAccount:service-347500252626@gcp-sa-devconnect.iam.gserviceaccount.com"]},{"role":"roles/editor","members":["serviceAccount:347500252626-compute@developer.gserviceaccount.com"]},{"role":"roles/firebase.managementServiceAgent","members":["serviceAccount:service-347500252626@gcp-sa-firebase.iam.gserviceaccount.com"]},{"role":"roles/firebase.sdkAdminServiceAgent","members":["serviceAccount:firebase-adminsdk-fbsvc@karatetutorial-4add4.iam.gserviceaccount.com","serviceAccount:firebase-app-hosting-compute@karatetutorial-4add4.iam.gserviceaccount.com"]},{"role":"roles/firebaseapphosting.computeRunner","members":["serviceAccount:firebase-app-hosting-compute@karatetutorial-4add4.iam.gserviceaccount.com"]},{"role":"roles/firebaseapphosting.serviceAgent","members":["serviceAccount:service-347500252626@gcp-sa-firebaseapphosting.iam.gserviceaccount.com"]},{"role":"roles/firebaseauth.admin","members":["serviceAccount:firebase-adminsdk-fbsvc@karatetutorial-4add4.iam.gserviceaccount.com"]},{"role":"roles/firebaserules.system","members":["serviceAccount:service-347500252626@firebase-rules.iam.gserviceaccount.com"]},{"role":"roles/firebasestorage.serviceAgent","members":["serviceAccount:service-347500252626@gcp-sa-firebasestorage.iam.gserviceaccount.com"]},{"role":"roles/firestore.serviceAgent","members":["serviceAccount:service-347500252626@gcp-sa-firestore.iam.gserviceaccount.com"]},{"role":"roles/iam.serviceAccountTokenCreator","members":["serviceAccount:firebase-adminsdk-fbsvc@karatetutorial-4add4.iam.gserviceaccount.com"]},{"role":"roles/owner","members":["user:mihalachematei5@gmail.com"]},{"role":"roles/run.serviceAgent","members":["serviceAccount:service-347500252626@serverless-robot-prod.iam.gserviceaccount.com"]},{"role":"roles/secretmanager.admin_withcond_ac3247ab144832affaf3","members":["serviceAccount:service-347500252626@gcp-sa-devconnect.iam.gserviceaccount.com"]},{"role":"roles/storage.admin","members":["serviceAccount:firebase-adminsdk-fbsvc@karatetutorial-4add4.iam.gserviceaccount.com"]},{"role":"roles/storage.objectViewer","members":["serviceAccount:firebase-app-hosting-compute@karatetutorial-4add4.iam.gserviceaccount.com"]}]}
[info] i  This command links your local project to Firebase App Hosting. You will be able to deploy your web app with `firebase deploy` after setup. 
